00:00:00:00:00|mycategory|my keywords hey hey
00:00:00:00:00|myfunctor|my keywords be advised
00:00:00:00:10|myanalogy|hey you
00:00:00:00:10|myanalogy|message
